// Jest Snapshot v1, https://goo.gl/fbAQLP

exports[`plugins/log/components/Header Header renders correctly 1`] = `
.glamor-4 {
  display: block;
}

.glamor-0 {
  color: #757575;
}

.glamor-1 {
  -webkit-flex: 1;
  -ms-flex: 1;
  flex: 1;
}

.glamor-3 {
  display: -webkit-box;
  display: -webkit-flex;
  display: -ms-flexbox;
  display: flex;
  -webkit-align-items: baseline;
  -webkit-box-align: baseline;
  -ms-flex-align: baseline;
  align-items: baseline;
}

.glamor-2 {
  margin-left: 1rem;
  margin-right: 1rem;
}

@media (min-width:600px) {
  .glamor-4 {
    display: -webkit-box;
    display: -webkit-flex;
    display: -ms-flexbox;
    display: flex;
    -webkit-align-items: baseline;
    -webkit-box-align: baseline;
    -ms-flex-align: baseline;
    align-items: baseline;
  }
}

<div
  className="glamor-4"
>
  <div>
    <h2
      className="MuiTypography-root-1 MuiTypography-title-7"
    >
      Server Log
    </h2>
    <h3
      className="MuiTypography-root-1 MuiTypography-subheading-8 glamor-0"
    >
      Streaming
    </h3>
  </div>
  <div
    className="glamor-1"
  />
  <div
    className="glamor-3"
  >
    <div
      className="MuiFormControl-root-25 glamor-2"
      inputProps={
        Object {
          "onKeyPress": [Function],
        }
      }
      onBlur={[Function]}
      onFocus={[Function]}
      required={false}
    >
      <label
        className="MuiFormLabel-root-35 MuiInputLabel-root-29 MuiInputLabel-formControl-30 MuiInputLabel-animated-33"
        data-shrink={false}
        htmlFor="filter"
      >
        Filter
      </label>
      <div
        className="MuiInput-root-39 MuiInput-formControl-40 MuiInput-inkbar-41 MuiInput-underline-45"
        onBlur={[Function]}
        onFocus={[Function]}
      >
        <input
          autoComplete={undefined}
          autoFocus={undefined}
          className="MuiInput-input-48 MuiInput-inputSingleline-51"
          defaultValue={undefined}
          disabled={false}
          id="filter"
          name={undefined}
          onChange={[Function]}
          onKeyDown={undefined}
          onKeyUp={undefined}
          placeholder={undefined}
          readOnly={undefined}
          required={undefined}
          rows={undefined}
          type="text"
          value=""
        />
      </div>
      <p
        className="MuiFormHelperText-root-54"
      >
        Supports operators and, or, (), and "str"
      </p>
    </div>
  </div>
</div>
`;

exports[`plugins/log/components/Header mapStateToProps should return the right stuff 1`] = `
Object {
  "connected": true,
}
`;
