// Jest Snapshot v1, https://goo.gl/fbAQLP

exports[`plugins/history/components/FilterNav renders correctly 1`] = `
.emotion-6 {
  position: static;
}

.emotion-5 {
  background-color: #455a64;
  min-height: 5rem;
  color: #fff;
}

.emotion-0 {
  margin: 0.5rem 2rem 0.5rem;
}

.emotion-1 {
  -webkit-flex: 1;
  -ms-flex: 1;
  flex: 1;
}

.emotion-4 {
  -webkit-transition: all 300ms cubic-bezier(0.4,0,0.2,1) 0ms;
  transition: all 300ms cubic-bezier(0.4,0,0.2,1) 0ms;
}

<header
  className="MuiPaper-root MuiPaper-elevation4 MuiAppBar-root MuiAppBar-positionFixed emotion-6 MuiAppBar-colorPrimary mui-fixed"
>
  <div
    className="MuiToolbar-root MuiToolbar-regular emotion-5 MuiToolbar-gutters"
  >
    <div
      className="MuiFormControl-root MuiTextField-root emotion-0"
      onKeyPress={[Function]}
    >
      <label
        className="MuiFormLabel-root MuiInputLabel-root MuiInputLabel-formControl MuiInputLabel-animated"
        data-shrink={false}
        htmlFor="task-filter"
        id="task-filter-label"
      >
        Filter By Task
      </label>
      <div
        className="MuiInputBase-root MuiInput-root MuiInput-underline MuiInputBase-formControl MuiInput-formControl"
        onClick={[Function]}
      >
        <input
          aria-invalid={false}
          autoFocus={false}
          className="MuiInputBase-input MuiInput-input"
          disabled={false}
          id="task-filter"
          onAnimationStart={[Function]}
          onBlur={[Function]}
          onChange={[Function]}
          onFocus={[Function]}
          placeholder="Task Name"
          required={false}
          type="text"
          value=""
        />
      </div>
    </div>
    <div
      className="emotion-1"
    />
    <div
      className="MuiFormControl-root MuiTextField-root emotion-0"
    >
      <label
        className="MuiFormLabel-root MuiInputLabel-root MuiInputLabel-formControl MuiInputLabel-animated MuiInputLabel-shrink MuiFormLabel-filled"
        data-shrink={true}
        htmlFor="sort-by"
        id="sort-by-label"
      >
        Sort By
      </label>
      <div
        className="MuiInputBase-root MuiInput-root MuiInput-underline MuiInputBase-formControl MuiInput-formControl"
        onClick={[Function]}
      >
        <div
          aria-haspopup="listbox"
          aria-labelledby="sort-by-label sort-by"
          className="MuiSelect-root MuiSelect-select MuiSelect-selectMenu MuiInputBase-input MuiInput-input"
          id="sort-by"
          onBlur={[Function]}
          onFocus={[Function]}
          onKeyDown={[Function]}
          onMouseDown={[Function]}
          role="button"
          tabIndex={0}
        >
          Time
        </div>
        <input
          autoFocus={false}
          onAnimationStart={[Function]}
          type="hidden"
          value="time"
        />
        <svg
          aria-hidden="true"
          className="MuiSvgIcon-root MuiSelect-icon"
          focusable="false"
          role="presentation"
          viewBox="0 0 24 24"
        >
          <path
            d="M7 10l5 5 5-5z"
          />
        </svg>
      </div>
    </div>
    <div
      className="MuiFormControl-root MuiTextField-root emotion-0"
    >
      <label
        className="MuiFormLabel-root MuiInputLabel-root MuiInputLabel-formControl MuiInputLabel-animated MuiInputLabel-shrink MuiFormLabel-filled"
        data-shrink={true}
        htmlFor="group-by"
        id="group-by-label"
      >
        Group By
      </label>
      <div
        className="MuiInputBase-root MuiInput-root MuiInput-underline MuiInputBase-formControl MuiInput-formControl"
        onClick={[Function]}
      >
        <div
          aria-haspopup="listbox"
          aria-labelledby="group-by-label group-by"
          className="MuiSelect-root MuiSelect-select MuiSelect-selectMenu MuiInputBase-input MuiInput-input"
          id="group-by"
          onBlur={[Function]}
          onFocus={[Function]}
          onKeyDown={[Function]}
          onMouseDown={[Function]}
          role="button"
          tabIndex={0}
        >
          Time
        </div>
        <input
          autoFocus={false}
          onAnimationStart={[Function]}
          type="hidden"
          value="time"
        />
        <svg
          aria-hidden="true"
          className="MuiSvgIcon-root MuiSelect-icon"
          focusable="false"
          role="presentation"
          viewBox="0 0 24 24"
        >
          <path
            d="M7 10l5 5 5-5z"
          />
        </svg>
      </div>
    </div>
    <button
      className="MuiButtonBase-root MuiIconButton-root MuiIconButton-colorInherit"
      disabled={false}
      onBlur={[Function]}
      onClick={[MockFunction]}
      onDragLeave={[Function]}
      onFocus={[Function]}
      onKeyDown={[Function]}
      onKeyUp={[Function]}
      onMouseDown={[Function]}
      onMouseLeave={[Function]}
      onMouseUp={[Function]}
      onTouchEnd={[Function]}
      onTouchMove={[Function]}
      onTouchStart={[Function]}
      tabIndex={0}
      type="button"
    >
      <span
        className="MuiIconButton-label"
      >
        <span
          aria-hidden={true}
          className="material-icons MuiIcon-root fa fa-chevron-up emotion-4"
          rotate={false}
        />
      </span>
    </button>
  </div>
</header>
`;
