// Jest Snapshot v1, https://goo.gl/fbAQLP

exports[`plugins/history/data/reducer should return the initial state 1`] = `
Object {
  "items": Array [],
}
`;

exports[`plugins/history/data/reducer should store history on GET_HISTORY 1`] = `
Object {
  "items": Array [
    Object {
      "an": "object",
    },
  ],
  "totalCount": 1,
}
`;
