// Jest Snapshot v1, https://goo.gl/fbAQLP

exports[`pages/splash renders correctly 1`] = `
@keyframes animation-0 {
  0%, 40%, 100% {
    -webkit-transform: scaleY(0.4);
    -ms-transform: scaleY(0.4);
    transform: scaleY(0.4);
  }

  20% {
    -webkit-transform: scaleY(1.0);
    -ms-transform: scaleY(1.0);
    transform: scaleY(1.0);
  }
}

@keyframes animation-0 {
  0%, 40%, 100% {
    -webkit-transform: scaleY(0.4);
    -ms-transform: scaleY(0.4);
    transform: scaleY(0.4);
  }

  20% {
    -webkit-transform: scaleY(1.0);
    -ms-transform: scaleY(1.0);
    transform: scaleY(1.0);
  }
}

@keyframes animation-0 {
  0%, 40%, 100% {
    -webkit-transform: scaleY(0.4);
    -ms-transform: scaleY(0.4);
    transform: scaleY(0.4);
  }

  20% {
    -webkit-transform: scaleY(1.0);
    -ms-transform: scaleY(1.0);
    transform: scaleY(1.0);
  }
}

@keyframes animation-0 {
  0%, 40%, 100% {
    -webkit-transform: scaleY(0.4);
    -ms-transform: scaleY(0.4);
    transform: scaleY(0.4);
  }

  20% {
    -webkit-transform: scaleY(1.0);
    -ms-transform: scaleY(1.0);
    transform: scaleY(1.0);
  }
}

@keyframes animation-0 {
  0%, 40%, 100% {
    -webkit-transform: scaleY(0.4);
    -ms-transform: scaleY(0.4);
    transform: scaleY(0.4);
  }

  20% {
    -webkit-transform: scaleY(1.0);
    -ms-transform: scaleY(1.0);
    transform: scaleY(1.0);
  }
}

.emotion-5 {
  margin: 10rem auto;
  width: 5rem;
  height: 4rem;
  text-align: center;
  font-size: 1rem;
}

.emotion-0 {
  height: 100%;
  width: 0.6rem;
  display: inline-block;
  margin: 0.1rem;
  -webkit-animation: animation-0 1.2s infinite ease-in-out;
  animation: animation-0 1.2s infinite ease-in-out;
}

.emotion-1 {
  height: 100%;
  width: 0.6rem;
  display: inline-block;
  margin: 0.1rem;
  -webkit-animation: animation-0 1.2s infinite ease-in-out;
  animation: animation-0 1.2s infinite ease-in-out;
  -webkit-animation-delay: -1.1s;
  animation-delay: -1.1s;
}

.emotion-2 {
  height: 100%;
  width: 0.6rem;
  display: inline-block;
  margin: 0.1rem;
  -webkit-animation: animation-0 1.2s infinite ease-in-out;
  animation: animation-0 1.2s infinite ease-in-out;
  -webkit-animation-delay: -1s;
  animation-delay: -1s;
}

.emotion-3 {
  height: 100%;
  width: 0.6rem;
  display: inline-block;
  margin: 0.1rem;
  -webkit-animation: animation-0 1.2s infinite ease-in-out;
  animation: animation-0 1.2s infinite ease-in-out;
  -webkit-animation-delay: -0.9s;
  animation-delay: -0.9s;
}

.emotion-4 {
  height: 100%;
  width: 0.6rem;
  display: inline-block;
  margin: 0.1rem;
  -webkit-animation: animation-0 1.2s infinite ease-in-out;
  animation: animation-0 1.2s infinite ease-in-out;
  -webkit-animation-delay: -0.8s;
  animation-delay: -0.8s;
}

<div>
  <div
    css={[Function]}
  />
  <div
    className="emotion-5"
  >
    <div
      className="emotion-0"
    />
    <div
      className="emotion-1"
    />
    <div
      className="emotion-2"
    />
    <div
      className="emotion-3"
    />
    <div
      className="emotion-4"
    />
  </div>
</div>
`;
