// Jest Snapshot v1, https://goo.gl/fbAQLP

exports[`common/TextField renders correctly 1`] = `
<div
  aria-describedby={undefined}
  className="MuiFormControl-root-1"
  onBlur={[Function]}
  onFocus={[Function]}
>
  <div
    className="MuiInput-root-5 MuiInput-error-8 MuiInput-formControl-6 MuiInput-inkbar-7 MuiInput-underline-11"
    onBlur={[Function]}
    onFocus={[Function]}
  >
    <input
      aria-invalid={true}
      aria-required={false}
      autoComplete={undefined}
      autoFocus={undefined}
      className="MuiInput-input-14"
      defaultValue={undefined}
      disabled={false}
      id={undefined}
      name={undefined}
      onChange={[Function]}
      onKeyDown={undefined}
      onKeyUp={undefined}
      placeholder={undefined}
      readOnly={undefined}
      required={undefined}
      rows={undefined}
      type="text"
      value={undefined}
    />
  </div>
</div>
`;
