// Jest Snapshot v1, https://goo.gl/fbAQLP

exports[`common/LoadingBar Component should render properly when loading 1`] = `
<div
  className="MuiLinearProgress-root-1 MuiLinearProgress-secondaryColor-5 MuiLinearProgress-rootQuery-12"
  role="progressbar"
>
  <div
    className="MuiLinearProgress-bar-8 MuiLinearProgress-secondaryColorBar-6 MuiLinearProgress-indeterminateBar1-13"
    style={Object {}}
  />
  <div
    className="MuiLinearProgress-bar-8 MuiLinearProgress-secondaryColorBar-6 MuiLinearProgress-indeterminateBar2-14"
    style={Object {}}
  />
</div>
`;

exports[`common/LoadingBar Component should render properly when not loading 1`] = `
<div
  className="MuiLinearProgress-root-1 MuiLinearProgress-secondaryColor-5 MuiLinearProgress-rootQuery-12"
  role="progressbar"
>
  <div
    className="MuiLinearProgress-bar-8 MuiLinearProgress-secondaryColorBar-6 MuiLinearProgress-indeterminateBar1-13"
    style={Object {}}
  />
  <div
    className="MuiLinearProgress-bar-8 MuiLinearProgress-secondaryColorBar-6 MuiLinearProgress-indeterminateBar2-14"
    style={Object {}}
  />
</div>
`;
