// Jest Snapshot v1, https://goo.gl/fbAQLP

exports[`plugins/components/InfoStatus should be correct if an info status should be displayed 1`] = `
Object {
  "message": "Info Status",
  "open": true,
}
`;

exports[`plugins/components/InfoStatus should be correct if an info status should not be displayed 1`] = `
Object {
  "message": undefined,
  "open": false,
}
`;
