// Jest Snapshot v1, https://goo.gl/fbAQLP

exports[`common/layout renders correctly 1`] = `
.emotion-6 {
  position: static;
}

.emotion-5 {
  background-color: #ef6c00;
  color: #fff;
  min-height: 5rem;
}

.emotion-0 {
  color: #fff;
}

.emotion-1 {
  -webkit-flex: 1;
  -ms-flex: 1;
  flex: 1;
}

.emotion-11 .MuiDrawer-paper {
  position: relative;
  background-color: #263238;
  height: calc(100vh - 10rem);
  width: 0;
  -webkit-transition: width 300ms cubic-bezier(0.4,0,0.2,1) 0ms;
  transition: width 300ms cubic-bezier(0.4,0,0.2,1) 0ms;
  border-right: none !important;
}

@media (min-width:600px) {
  .emotion-11 .MuiDrawer-paper {
    height: calc(100vh - 5rem);
    width: 6rem;
  }
}

.emotion-10 {
  color: #ef6c00;
}

.emotion-7 {
  margin: 0;
}

<div
  css={
    Object {
      "map": undefined,
      "name": "oh8avo",
      "next": undefined,
      "styles": "
  display: flex;
  flex-direction: column;
  height: 100%;
  min-height: 100vh;
",
      "toString": [Function],
    }
  }
>
  <header
    css={
      Object {
        "map": undefined,
        "name": "1mfkpn7",
        "next": undefined,
        "styles": "
  display: flex;
  min-height: 5rem;
  flex-direction: column;
  z-index: 2;
  position: fixed;
  width: 100%;
  @media (min-width:600px) {
    flex-direction: row;
  }
",
        "toString": [Function],
      }
    }
  >
    <div
      css={
        Object {
          "map": undefined,
          "name": "1r0czf3",
          "next": undefined,
          "styles": "
  height: 5rem;
",
          "toString": [Function],
        }
      }
    >
      <a
        href="/"
        onClick={[Function]}
      >
        <div
          css={
            Array [
              Object {
                "map": undefined,
                "name": "1w2nirn",
                "next": undefined,
                "styles": "
  background: #263238 url(test-file-stub) no-repeat center;
  background-size: 17.5rem;
  height: 100%;
  transition: width 300ms cubic-bezier(0.4, 0, 0.2, 1) 0ms,background-size 300ms cubic-bezier(0.4, 0, 0.2, 1) 0ms;
",
                "toString": [Function],
              },
              Object {
                "map": undefined,
                "name": "1af4v5",
                "next": undefined,
                "styles": "
  @media (min-width:600px) {
    width: 6rem;
    background-size: 25rem;
  }
",
                "toString": [Function],
              },
            ]
          }
        />
      </a>
    </div>
    <nav
      css={
        Object {
          "map": undefined,
          "name": "jdqp6j",
          "next": undefined,
          "styles": "
  height: 5rem;
  flex: 1;
",
          "toString": [Function],
        }
      }
    >
      <header
        className="MuiPaper-root MuiPaper-elevation4 MuiAppBar-root MuiAppBar-positionFixed emotion-6 MuiAppBar-colorPrimary mui-fixed"
      >
        <div
          className="MuiToolbar-root MuiToolbar-regular emotion-5 MuiToolbar-gutters"
        >
          <button
            className="MuiButtonBase-root MuiIconButton-root emotion-0"
            disabled={false}
            onBlur={[Function]}
            onClick={[Function]}
            onDragLeave={[Function]}
            onFocus={[Function]}
            onKeyDown={[Function]}
            onKeyUp={[Function]}
            onMouseDown={[Function]}
            onMouseLeave={[Function]}
            onMouseUp={[Function]}
            onTouchEnd={[Function]}
            onTouchMove={[Function]}
            onTouchStart={[Function]}
            tabIndex={0}
            type="button"
          >
            <span
              className="MuiIconButton-label"
            >
              <svg
                aria-hidden="true"
                className="MuiSvgIcon-root"
                focusable="false"
                role="presentation"
                viewBox="0 0 24 24"
              >
                <path
                  d="M3 18h18v-2H3v2zm0-5h18v-2H3v2zm0-7v2h18V6H3z"
                />
              </svg>
            </span>
            <span
              className="MuiTouchRipple-root"
            />
          </button>
          <h6
            className="MuiTypography-root MuiTypography-h6 MuiTypography-colorInherit"
          />
          <div
            className="emotion-1"
          />
          <a
            href="/config"
            onClick={[Function]}
          >
            <button
              aria-label="Config"
              className="MuiButtonBase-root MuiIconButton-root emotion-0"
              disabled={false}
              onBlur={[Function]}
              onDragLeave={[Function]}
              onFocus={[Function]}
              onKeyDown={[Function]}
              onKeyUp={[Function]}
              onMouseDown={[Function]}
              onMouseLeave={[Function]}
              onMouseUp={[Function]}
              onTouchEnd={[Function]}
              onTouchMove={[Function]}
              onTouchStart={[Function]}
              tabIndex={0}
              type="button"
            >
              <span
                className="MuiIconButton-label"
              >
                <svg
                  aria-hidden="true"
                  className="MuiSvgIcon-root"
                  focusable="false"
                  role="presentation"
                  viewBox="0 0 24 24"
                >
                  <path
                    d="M3 17.25V21h3.75L17.81 9.94l-3.75-3.75L3 17.25zM5.92 19H5v-.92l9.06-9.06.92.92L5.92 19zM20.71 5.63l-2.34-2.34c-.2-.2-.45-.29-.71-.29s-.51.1-.7.29l-1.83 1.83 3.75 3.75 1.83-1.83c.39-.39.39-1.02 0-1.41z"
                  />
                </svg>
              </span>
              <span
                className="MuiTouchRipple-root"
              />
            </button>
          </a>
          <a
            href="/log"
            onClick={[Function]}
          >
            <button
              aria-label="Log"
              className="MuiButtonBase-root MuiIconButton-root emotion-0"
              disabled={false}
              onBlur={[Function]}
              onDragLeave={[Function]}
              onFocus={[Function]}
              onKeyDown={[Function]}
              onKeyUp={[Function]}
              onMouseDown={[Function]}
              onMouseLeave={[Function]}
              onMouseUp={[Function]}
              onTouchEnd={[Function]}
              onTouchMove={[Function]}
              onTouchStart={[Function]}
              tabIndex={0}
              type="button"
            >
              <span
                className="MuiIconButton-label"
              >
                <svg
                  aria-hidden="true"
                  className="MuiSvgIcon-root"
                  focusable="false"
                  role="presentation"
                  viewBox="0 0 24 24"
                >
                  <path
                    d="M19 5v14H5V5h14m1.1-2H3.9c-.5 0-.9.4-.9.9v16.2c0 .4.4.9.9.9h16.2c.4 0 .9-.5.9-.9V3.9c0-.5-.5-.9-.9-.9zM11 7h6v2h-6V7zm0 4h6v2h-6v-2zm0 4h6v2h-6zM7 7h2v2H7zm0 4h2v2H7zm0 4h2v2H7z"
                  />
                </svg>
              </span>
              <span
                className="MuiTouchRipple-root"
              />
            </button>
          </a>
          <button
            aria-label="Manage"
            className="MuiButtonBase-root MuiIconButton-root emotion-0"
            disabled={false}
            onBlur={[Function]}
            onClick={[Function]}
            onDragLeave={[Function]}
            onFocus={[Function]}
            onKeyDown={[Function]}
            onKeyUp={[Function]}
            onMouseDown={[Function]}
            onMouseLeave={[Function]}
            onMouseUp={[Function]}
            onTouchEnd={[Function]}
            onTouchMove={[Function]}
            onTouchStart={[Function]}
            tabIndex={0}
            type="button"
          >
            <span
              className="MuiIconButton-label"
            >
              <svg
                aria-hidden="true"
                className="MuiSvgIcon-root"
                focusable="false"
                role="presentation"
                viewBox="0 0 24 24"
              >
                <path
                  d="M0 0h20v20H0V0z"
                  fill="none"
                  transform="scale(1.2, 1.2)"
                />
                <path
                  d="M15.95 10.78c.03-.25.05-.51.05-.78s-.02-.53-.06-.78l1.69-1.32c.15-.12.19-.34.1-.51l-1.6-2.77c-.1-.18-.31-.24-.49-.18l-1.99.8c-.42-.32-.86-.58-1.35-.78L12 2.34c-.03-.2-.2-.34-.4-.34H8.4c-.2 0-.36.14-.39.34l-.3 2.12c-.49.2-.94.47-1.35.78l-1.99-.8c-.18-.07-.39 0-.49.18l-1.6 2.77c-.1.18-.06.39.1.51l1.69 1.32c-.04.25-.07.52-.07.78s.02.53.06.78L2.37 12.1c-.15.12-.19.34-.1.51l1.6 2.77c.1.18.31.24.49.18l1.99-.8c.42.32.86.58 1.35.78l.3 2.12c.04.2.2.34.4.34h3.2c.2 0 .37-.14.39-.34l.3-2.12c.49-.2.94-.47 1.35-.78l1.99.8c.18.07.39 0 .49-.18l1.6-2.77c.1-.18.06-.39-.1-.51l-1.67-1.32zM10 13c-1.65 0-3-1.35-3-3s1.35-3 3-3 3 1.35 3 3-1.35 3-3 3z"
                  transform="scale(1.2, 1.2)"
                />
              </svg>
            </span>
            <span
              className="MuiTouchRipple-root"
            />
          </button>
        </div>
      </header>
    </nav>
  </header>
  <main
    css={
      Object {
        "map": undefined,
        "name": "fpd4ie",
        "next": undefined,
        "styles": "
  display: flex;
  flex-direction: row;
  padding-top: 10rem;
  flex: 1;
  max-height: 100vh;
  @media (min-width:600px) {
    padding-top: 5rem;
  }
",
        "toString": [Function],
      }
    }
  >
    <aside
      css={
        Object {
          "map": undefined,
          "name": "qdovln",
          "next": undefined,
          "styles": "
  overflow-y: auto;
",
          "toString": [Function],
        }
      }
    >
      <div
        className="MuiDrawer-root MuiDrawer-docked emotion-11"
      >
        <div
          className="MuiPaper-root MuiPaper-elevation0 MuiDrawer-paper MuiDrawer-paperAnchorLeft MuiDrawer-paperAnchorDockedLeft"
        >
          <div
            css={
              Object {
                "map": undefined,
                "name": "mrqyz6",
                "next": undefined,
                "styles": "
  width: inherit;
  height: inherit;
  display: flex;
  flex-direction: column;
  justify-content: space-between;
",
                "toString": [Function],
              }
            }
          >
            <ul
              className="MuiList-root MuiList-padding"
              css={
                Object {
                  "map": undefined,
                  "name": "1nxb9gk",
                  "next": undefined,
                  "styles": "
            width: inherit;
          ",
                  "toString": [Function],
                }
              }
            />
            <div
              className="emotion-10"
            >
              <p
                className="MuiTypography-root emotion-7 MuiTypography-body1"
              >
                Version Info
              </p>
              <p
                className="MuiTypography-root emotion-7 MuiTypography-body1"
              >
                Flexget: 2.10.60 
                <a
                  aria-disabled={false}
                  className="MuiButtonBase-root MuiIconButton-root MuiIconButton-colorInherit MuiIconButton-sizeSmall"
                  href="https://flexget.com/ChangeLog"
                  onBlur={[Function]}
                  onDragLeave={[Function]}
                  onFocus={[Function]}
                  onKeyDown={[Function]}
                  onKeyUp={[Function]}
                  onMouseDown={[Function]}
                  onMouseLeave={[Function]}
                  onMouseUp={[Function]}
                  onTouchEnd={[Function]}
                  onTouchMove={[Function]}
                  onTouchStart={[Function]}
                  tabIndex={0}
                >
                  <span
                    className="MuiIconButton-label"
                  >
                    <svg
                      aria-hidden="true"
                      className="MuiSvgIcon-root"
                      focusable="false"
                      role="presentation"
                      viewBox="0 0 24 24"
                    >
                      <path
                        d="M11 18h2v-2h-2v2zm1-16C6.48 2 2 6.48 2 12s4.48 10 10 10 10-4.48 10-10S17.52 2 12 2zm0 18c-4.41 0-8-3.59-8-8s3.59-8 8-8 8 3.59 8 8-3.59 8-8 8zm0-14c-2.21 0-4 1.79-4 4h2c0-1.1.9-2 2-2s2 .9 2 2c0 2-3 1.75-3 5h2c0-2.25 3-2.5 3-5 0-2.21-1.79-4-4-4z"
                      />
                    </svg>
                  </span>
                  <span
                    className="MuiTouchRipple-root"
                  />
                </a>
              </p>
              <p
                className="MuiTypography-root emotion-7 MuiTypography-body1"
              >
                API: 1.1.2
              </p>
            </div>
          </div>
        </div>
      </div>
    </aside>
    <section
      css={
        Array [
          Object {
            "map": undefined,
            "name": "12lzmjs",
            "next": undefined,
            "styles": "
  flex: 1;
  overflow-y: auto;
  padding: 1.6rem;
  opacity: 1;
  transition: opacity 300ms cubic-bezier(0.4, 0, 0.2, 1) 0ms,margin-left 300ms cubic-bezier(0.4, 0, 0.2, 1) 0ms;

  @media (max-width:959.95px) {
    margin-left: 0;
    padding: 0.8rem;
  }
",
            "toString": [Function],
          },
          Object {
            "map": undefined,
            "name": "leo25p",
            "next": undefined,
            "styles": "
  @media (max-width:959.95px) {
    opacity: 1;
    display: block;
  }
",
            "toString": [Function],
          },
        ]
      }
    >
      <div />
    </section>
  </main>
</div>
`;
