// Jest Snapshot v1, https://goo.gl/fbAQLP

exports[`plugins/log/components/LogTable LogTable renders correctly 1`] = `
<Provider>
  <Theme>
    <LogTable
      messages={Array []}
    />
  </Theme>
</Provider>
`;

exports[`plugins/log/components/LogTable mapStateToProps should return the right stuff 1`] = `
Object {
  "messages": Array [],
}
`;
