// Jest Snapshot v1, https://goo.gl/fbAQLP

exports[`plugins/log/LogTable LogTable renders correctly 1`] = `
<Provider>
  <Theme>
    <LogTable
      messages={Array []}
    />
  </Theme>
</Provider>
`;
