// Jest Snapshot v1, https://goo.gl/fbAQLP

exports[`plugins/history/components renders correctly 1`] = `ShallowWrapper {}`;
