// Jest Snapshot v1, https://goo.gl/fbAQLP

exports[`core/status/data/middleware should dispatch ERROR_STATUS if error and not ignore 1`] = `
Array [
  Object {
    "error": true,
    "payload": Object {
      "message": "Unauthorized",
      "statusCode": 401,
      "type": "ACTION",
    },
    "type": "ERROR_STATUS",
  },
]
`;

exports[`core/status/data/middleware should dispatch INFO_STATUS and the original action if message is set 1`] = `
Array [
  Object {
    "payload": Object {
      "message": "A message",
      "type": "ACTION",
    },
    "type": "INFO_STATUS",
  },
  Object {
    "error": false,
    "meta": Object {
      "message": "A message",
    },
    "payload": Object {},
    "type": "ACTION",
  },
]
`;

exports[`core/status/data/middleware should dispatch LOADING_STATUS if loading 1`] = `
Array [
  Object {
    "meta": Object {
      "type": "ACTION",
    },
    "payload": Object {},
    "type": "LOADING_STATUS",
  },
]
`;

exports[`core/status/data/middleware should not dispatch ERROR_STATUS if error and ignore 1`] = `
Array [
  Object {
    "error": true,
    "payload": Object {
      "message": "Unauthorized",
      "statusCode": 401,
      "type": "ACTION",
    },
    "type": "ERROR_STATUS",
  },
]
`;
