// Jest Snapshot v1, https://goo.gl/fbAQLP

exports[`core/home/components/InfoCard renders correctly 1`] = `
.glamor-3 {
  margin: 0 auto;
}

.glamor-0 {
  background-color: #ef6c00;
}

.glamor-1 {
  font-weight: bold;
}

.glamor-2 {
  -webkit-box-pack: center;
  -webkit-justify-content: center;
  -ms-flex-pack: center;
  justify-content: center;
}

@media (min-width:600px) {
  .glamor-3 {
    width: 50%;
  }
}

<div
  className="MuiPaper-root-1 MuiPaper-shadow2-5 MuiPaper-rounded-2 glamor-3 e17d04jh0"
>
  <div
    className="MuiCardHeader-root-28 glamor-0 e17d04jh1"
  >
    <div
      className="MuiCardHeader-content-31"
    >
      <span
        className="MuiTypography-root-34 MuiTypography-headline-39 MuiCardHeader-title-32"
      >
        Flexget Web Interface
      </span>
      <span
        className="MuiTypography-root-34 MuiTypography-body1-43 MuiTypography-colorTextSecondary-56 MuiCardHeader-subheader-33"
      >
        Under Development
      </span>
    </div>
  </div>
  <div
    className="MuiCardContent-root-58"
  >
    <p
      className="glamor-1 e17d04jh2"
    >
      We need your help! If you are a React developer or can help with the layout/design/css then please join in the effort!
    </p>
    <p>
      The interface is not yet ready for end users. Consider this preview only state.
    </p>
    <p>
      If you still use it anyways, please report back to us on how well it works, issues, ideas etc...
    </p>
    <p>
      There is a functional API with documentation available at
       
      <a
        href="/api"
      >
        /api
      </a>
    </p>
    <p>
      More information:
      <a
        href="http://flexget.com/wiki/Web-UI/v2"
        rel="noopener noreferrer"
        target="_blank"
      >
        http://flexget.com/wiki/Web-UI/v2
      </a>
    </p>
    <p>
      Gitter Chat:
      <a
        href="https://gitter.im/Flexget/Flexget"
        rel="noopener noreferrer"
        target="_blank"
      >
        https://gitter.im/Flexget/Flexget
      </a>
    </p>
  </div>
  <div
    className="MuiCardActions-root-59 glamor-2 e17d04jh3"
  >
    <a
      aria-label="Github"
      className="MuiButtonBase-root-67 MuiIconButton-root-61 MuiCardActions-action-60"
      href="https://github.com/Flexget/Flexget"
      onBlur={[Function]}
      onFocus={[Function]}
      onKeyDown={[Function]}
      onKeyUp={[Function]}
      onMouseDown={[Function]}
      onMouseLeave={[Function]}
      onMouseUp={[Function]}
      onTouchEnd={[Function]}
      onTouchMove={[Function]}
      onTouchStart={[Function]}
      rel="noopener noreferrer"
      tabIndex={0}
      target="_blank"
    >
      <span
        className="MuiIconButton-label-66"
      >
        <span
          aria-hidden="true"
          className="material-icons MuiIcon-root-69 MuiIcon-fontSize-75 fa fa-github"
        />
      </span>
      <span
        className="MuiTouchRipple-root-76"
      />
    </a>
    <a
      aria-label="Flexget.com"
      className="MuiButtonBase-root-67 MuiIconButton-root-61 MuiCardActions-action-60"
      href="https://flexget.com"
      onBlur={[Function]}
      onFocus={[Function]}
      onKeyDown={[Function]}
      onKeyUp={[Function]}
      onMouseDown={[Function]}
      onMouseLeave={[Function]}
      onMouseUp={[Function]}
      onTouchEnd={[Function]}
      onTouchMove={[Function]}
      onTouchStart={[Function]}
      rel="noopener noreferrer"
      tabIndex={0}
      target="_blank"
    >
      <span
        className="MuiIconButton-label-66"
      >
        <span
          aria-hidden="true"
          className="material-icons MuiIcon-root-69 MuiIcon-fontSize-75 fa fa-home"
        />
      </span>
      <span
        className="MuiTouchRipple-root-76"
      />
    </a>
    <a
      aria-label="Gitter"
      className="MuiButtonBase-root-67 MuiIconButton-root-61 MuiCardActions-action-60"
      href="https://gitter.im/Flexget/Flexget"
      onBlur={[Function]}
      onFocus={[Function]}
      onKeyDown={[Function]}
      onKeyUp={[Function]}
      onMouseDown={[Function]}
      onMouseLeave={[Function]}
      onMouseUp={[Function]}
      onTouchEnd={[Function]}
      onTouchMove={[Function]}
      onTouchStart={[Function]}
      rel="noopener noreferrer"
      tabIndex={0}
      target="_blank"
    >
      <span
        className="MuiIconButton-label-66"
      >
        <span
          aria-hidden="true"
          className="material-icons MuiIcon-root-69 MuiIcon-fontSize-75 fa fa-comment"
        />
      </span>
      <span
        className="MuiTouchRipple-root-76"
      />
    </a>
    <a
      aria-label="Forum"
      className="MuiButtonBase-root-67 MuiIconButton-root-61 MuiCardActions-action-60"
      href="https://discuss.flexget.com"
      onBlur={[Function]}
      onFocus={[Function]}
      onKeyDown={[Function]}
      onKeyUp={[Function]}
      onMouseDown={[Function]}
      onMouseLeave={[Function]}
      onMouseUp={[Function]}
      onTouchEnd={[Function]}
      onTouchMove={[Function]}
      onTouchStart={[Function]}
      rel="noopener noreferrer"
      tabIndex={0}
      target="_blank"
    >
      <span
        className="MuiIconButton-label-66"
      >
        <span
          aria-hidden="true"
          className="material-icons MuiIcon-root-69 MuiIcon-fontSize-75 fa fa-forumbee"
        />
      </span>
      <span
        className="MuiTouchRipple-root-76"
      />
    </a>
  </div>
</div>
`;
