// Jest Snapshot v1, https://goo.gl/fbAQLP

exports[`pages/splash renders correctly 1`] = `
@keyframes animation-0 {
  0%, 40%, 100% {
    -webkit-transform: scaleY(0.4);
    -ms-transform: scaleY(0.4);
    transform: scaleY(0.4);
  }

  20% {
    -webkit-transform: scaleY(1.0);
    -ms-transform: scaleY(1.0);
    transform: scaleY(1.0);
  }
}

@keyframes animation-0 {
  0%, 40%, 100% {
    -webkit-transform: scaleY(0.4);
    -ms-transform: scaleY(0.4);
    transform: scaleY(0.4);
  }

  20% {
    -webkit-transform: scaleY(1.0);
    -ms-transform: scaleY(1.0);
    transform: scaleY(1.0);
  }
}

@keyframes animation-0 {
  0%, 40%, 100% {
    -webkit-transform: scaleY(0.4);
    -ms-transform: scaleY(0.4);
    transform: scaleY(0.4);
  }

  20% {
    -webkit-transform: scaleY(1.0);
    -ms-transform: scaleY(1.0);
    transform: scaleY(1.0);
  }
}

@keyframes animation-0 {
  0%, 40%, 100% {
    -webkit-transform: scaleY(0.4);
    -ms-transform: scaleY(0.4);
    transform: scaleY(0.4);
  }

  20% {
    -webkit-transform: scaleY(1.0);
    -ms-transform: scaleY(1.0);
    transform: scaleY(1.0);
  }
}

@keyframes animation-0 {
  0%, 40%, 100% {
    -webkit-transform: scaleY(0.4);
    -ms-transform: scaleY(0.4);
    transform: scaleY(0.4);
  }

  20% {
    -webkit-transform: scaleY(1.0);
    -ms-transform: scaleY(1.0);
    transform: scaleY(1.0);
  }
}

.emotion-0 {
  background: transparent url(test-file-stub) no-repeat center;
  min-height: 9rem;
  background-size: 100% auto;
  margin: 0 1rem;
}

@media (min-width:600px) {
  .emotion-0 {
    background-size: auto;
  }
}

.emotion-12 {
  margin: 10rem auto;
  width: 5rem;
  height: 4rem;
  text-align: center;
  font-size: 1rem;
}

.emotion-2 {
  background-color: #ff9800;
  height: 100%;
  width: 0.6rem;
  display: inline-block;
  margin: 0.1rem;
  -webkit-animation: animation-0 1.2s infinite ease-in-out;
  animation: animation-0 1.2s infinite ease-in-out;
}

.emotion-4 {
  background-color: #ff9800;
  height: 100%;
  width: 0.6rem;
  display: inline-block;
  margin: 0.1rem;
  -webkit-animation: animation-0 1.2s infinite ease-in-out;
  animation: animation-0 1.2s infinite ease-in-out;
  -webkit-animation-delay: -1.1s;
  animation-delay: -1.1s;
}

.emotion-6 {
  background-color: #ff9800;
  height: 100%;
  width: 0.6rem;
  display: inline-block;
  margin: 0.1rem;
  -webkit-animation: animation-0 1.2s infinite ease-in-out;
  animation: animation-0 1.2s infinite ease-in-out;
  -webkit-animation-delay: -1.0s;
  animation-delay: -1.0s;
}

.emotion-8 {
  background-color: #ff9800;
  height: 100%;
  width: 0.6rem;
  display: inline-block;
  margin: 0.1rem;
  -webkit-animation: animation-0 1.2s infinite ease-in-out;
  animation: animation-0 1.2s infinite ease-in-out;
  -webkit-animation-delay: -0.9s;
  animation-delay: -0.9s;
}

.emotion-10 {
  background-color: #ff9800;
  height: 100%;
  width: 0.6rem;
  display: inline-block;
  margin: 0.1rem;
  -webkit-animation: animation-0 1.2s infinite ease-in-out;
  animation: animation-0 1.2s infinite ease-in-out;
  -webkit-animation-delay: -0.8s;
  animation-delay: -0.8s;
}

<div>
  <div
    className="emotion-0 emotion-1"
  />
  <div
    className="emotion-12 emotion-13"
  >
    <div
      className="emotion-2 emotion-3"
    />
    <div
      className="emotion-4 emotion-5"
    />
    <div
      className="emotion-6 emotion-7"
    />
    <div
      className="emotion-8 emotion-9"
    />
    <div
      className="emotion-10 emotion-11"
    />
  </div>
</div>
`;
