// Jest Snapshot v1, https://goo.gl/fbAQLP

exports[`core/layout/Version renders correctly with latest version 1`] = `
<div
  css={[Function]}
>
  <p
    className="MuiTypography-root MuiTypography-body1"
  >
    Version Info
  </p>
  <p
    className="MuiTypography-root MuiTypography-body1"
  >
    Flexget: 2.10.60 
    <a
      aria-disabled={false}
      className="MuiButtonBase-root MuiIconButton-root MuiIconButton-colorInherit MuiIconButton-sizeSmall"
      href="https://flexget.com/ChangeLog"
      onBlur={[Function]}
      onDragLeave={[Function]}
      onFocus={[Function]}
      onKeyDown={[Function]}
      onKeyUp={[Function]}
      onMouseDown={[Function]}
      onMouseLeave={[Function]}
      onMouseUp={[Function]}
      onTouchEnd={[Function]}
      onTouchMove={[Function]}
      onTouchStart={[Function]}
      tabIndex={0}
    >
      <span
        className="MuiIconButton-label"
      >
        <svg
          aria-hidden="true"
          className="MuiSvgIcon-root"
          focusable="false"
          role="presentation"
          viewBox="0 0 24 24"
        >
          <path
            d="M11 18h2v-2h-2v2zm1-16C6.48 2 2 6.48 2 12s4.48 10 10 10 10-4.48 10-10S17.52 2 12 2zm0 18c-4.41 0-8-3.59-8-8s3.59-8 8-8 8 3.59 8 8-3.59 8-8 8zm0-14c-2.21 0-4 1.79-4 4h2c0-1.1.9-2 2-2s2 .9 2 2c0 2-3 1.75-3 5h2c0-2.25 3-2.5 3-5 0-2.21-1.79-4-4-4z"
          />
        </svg>
      </span>
      <span
        className="MuiTouchRipple-root"
      />
    </a>
  </p>
  <p
    className="MuiTypography-root MuiTypography-body1"
  >
    API: 1.1.2
  </p>
</div>
`;

exports[`core/layout/Version renders correctly without latest version 1`] = `
<div
  css={[Function]}
>
  <p
    className="MuiTypography-root MuiTypography-body1"
  >
    Version Info
  </p>
  <p
    className="MuiTypography-root MuiTypography-body1"
  >
    Flexget: 2.10.11 
  </p>
  <p
    className="MuiTypography-root MuiTypography-body1"
  >
    API: 1.1.2
  </p>
</div>
`;
