// Jest Snapshot v1, https://goo.gl/fbAQLP

exports[`components/layout renders correctly 1`] = `
.glamor-21 {
  display: -webkit-box;
  display: -webkit-flex;
  display: -ms-flexbox;
  display: flex;
  -webkit-flex-direction: column;
  -ms-flex-direction: column;
  flex-direction: column;
  height: 100%;
  min-height: 100vh;
}

.glamor-10 {
  display: -webkit-box;
  display: -webkit-flex;
  display: -ms-flexbox;
  display: flex;
  min-height: 5rem;
  -webkit-flex-direction: column;
  -ms-flex-direction: column;
  flex-direction: column;
  z-index: 2;
  position: fixed;
  width: 100%;
}

.glamor-1 {
  height: 5rem;
}

.glamor-0 {
  background: #263238 url(test-file-stub) no-repeat center;
  background-size: 17.5rem;
  height: 100%;
  -webkit-transition: width 300ms cubic-bezier(0.4,0,0.2,1) 0ms,background-size 300ms cubic-bezier(0.4,0,0.2,1) 0ms;
  transition: width 300ms cubic-bezier(0.4,0,0.2,1) 0ms,background-size 300ms cubic-bezier(0.4,0,0.2,1) 0ms;
}

.glamor-9 {
  height: 5rem;
  -webkit-flex: 1;
  -ms-flex: 1;
  flex: 1;
}

.glamor-8 {
  position: static;
}

.glamor-7 {
  background-color: #ef6c00;
  color: #fff;
  min-height: 5rem;
}

.glamor-2 {
  color: #fff;
}

.glamor-3 {
  -webkit-flex: 1;
  -ms-flex: 1;
  flex: 1;
}

.glamor-20 {
  display: -webkit-box;
  display: -webkit-flex;
  display: -ms-flexbox;
  display: flex;
  -webkit-flex-direction: row;
  -ms-flex-direction: row;
  flex-direction: row;
  padding-top: 10rem;
  -webkit-flex: 1;
  -ms-flex: 1;
  flex: 1;
  height: 100vh;
}

.glamor-18 {
  overflow-y: auto;
}

.glamor-17 {
  position: relative;
  background-color: #263238;
  height: calc(100vh - 10rem);
  width: 0;
  -webkit-transition: width 300ms cubic-bezier(0.4,0,0.2,1) 0ms;
  transition: width 300ms cubic-bezier(0.4,0,0.2,1) 0ms;
  border-right: none !important;
}

.glamor-16 {
  width: inherit;
  height: inherit;
  display: -webkit-box;
  display: -webkit-flex;
  display: -ms-flexbox;
  display: flex;
  -webkit-flex-direction: column;
  -ms-flex-direction: column;
  flex-direction: column;
  -webkit-box-pack: justify;
  -webkit-justify-content: space-between;
  -ms-flex-pack: justify;
  justify-content: space-between;
}

.glamor-11 {
  width: inherit;
}

.glamor-15 {
  display: none;
}

.glamor-12 {
  margin: 0;
}

.glamor-19 {
  -webkit-flex: 1;
  -ms-flex: 1;
  flex: 1;
  overflow-y: auto;
  padding: 1rem;
  opacity: 1;
  -webkit-transition: opacity 300ms cubic-bezier(0.4,0,0.2,1) 0ms,margin-left 300ms cubic-bezier(0.4,0,0.2,1) 0ms;
  transition: opacity 300ms cubic-bezier(0.4,0,0.2,1) 0ms,margin-left 300ms cubic-bezier(0.4,0,0.2,1) 0ms;
}

@media (min-width:600px) {
  .glamor-10 {
    -webkit-flex-direction: row;
    -ms-flex-direction: row;
    flex-direction: row;
  }
}

@media (min-width:600px) {
  .glamor-0 {
    width: 6rem;
    background-size: 25rem;
  }
}

@media (min-width:600px) {
  .glamor-20 {
    padding-top: 5rem;
  }
}

@media (min-width:600px) {
  .glamor-17 {
    height: calc(100vh - 5rem);
    width: 6rem;
  }
}

@media (max-width:959.95px) {
  .glamor-19 {
    margin-left: 0;
    opacity: 1;
    display: block;
  }
}

<div
  className="glamor-21 e1ovaqso0"
>
  <header
    className="glamor-10 e1ovaqso2"
  >
    <div
      className="glamor-1 e1ovaqso3"
    >
      <a
        href="/"
        onClick={[Function]}
      >
        <div
          className="glamor-0 ee44yi0"
          open={false}
        />
      </a>
    </div>
    <nav
      className="glamor-9 e1ovaqso4"
    >
      <header
        className="MuiPaper-root-9 MuiPaper-shadow4-15 MuiAppBar-root-1 MuiAppBar-positionFixed-2 MuiAppBar-colorPrimary-7 mui-fixed glamor-8 e1pzz03b0"
      >
        <div
          className="MuiToolbar-root-36 MuiToolbar-gutters-37 glamor-7 e1pzz03b1"
        >
          <button
            className="MuiButtonBase-root-44 MuiIconButton-root-38 glamor-2 e1pzz03b2"
            disabled={false}
            onBlur={[Function]}
            onClick={[Function]}
            onFocus={[Function]}
            onKeyDown={[Function]}
            onKeyUp={[Function]}
            onMouseDown={[Function]}
            onMouseLeave={[Function]}
            onMouseUp={[Function]}
            onTouchEnd={[Function]}
            onTouchMove={[Function]}
            onTouchStart={[Function]}
            tabIndex={0}
            type="button"
          >
            <span
              className="MuiIconButton-label-43"
            />
            <span
              className="MuiTouchRipple-root-46"
            />
          </button>
          <h2
            className="MuiTypography-root-53 MuiTypography-title-59 MuiTypography-colorInherit-72"
          />
          <div
            className="glamor-3 e1vib4761"
          />
          <a
            href="/config"
            onClick={[Function]}
          >
            <button
              aria-label="Config"
              className="MuiButtonBase-root-44 MuiIconButton-root-38 glamor-2 e1pzz03b2"
              disabled={false}
              onBlur={[Function]}
              onFocus={[Function]}
              onKeyDown={[Function]}
              onKeyUp={[Function]}
              onMouseDown={[Function]}
              onMouseLeave={[Function]}
              onMouseUp={[Function]}
              onTouchEnd={[Function]}
              onTouchMove={[Function]}
              onTouchStart={[Function]}
              tabIndex={0}
              type="button"
            >
              <span
                className="MuiIconButton-label-43"
              />
              <span
                className="MuiTouchRipple-root-46"
              />
            </button>
          </a>
          <a
            href="/log"
            onClick={[Function]}
          >
            <button
              aria-label="Log"
              className="MuiButtonBase-root-44 MuiIconButton-root-38 glamor-2 e1pzz03b2"
              disabled={false}
              onBlur={[Function]}
              onFocus={[Function]}
              onKeyDown={[Function]}
              onKeyUp={[Function]}
              onMouseDown={[Function]}
              onMouseLeave={[Function]}
              onMouseUp={[Function]}
              onTouchEnd={[Function]}
              onTouchMove={[Function]}
              onTouchStart={[Function]}
              tabIndex={0}
              type="button"
            >
              <span
                className="MuiIconButton-label-43"
              />
              <span
                className="MuiTouchRipple-root-46"
              />
            </button>
          </a>
          <button
            aria-label="Manage"
            className="MuiButtonBase-root-44 MuiIconButton-root-38 glamor-2 e1pzz03b2"
            disabled={false}
            onBlur={[Function]}
            onClick={[Function]}
            onFocus={[Function]}
            onKeyDown={[Function]}
            onKeyUp={[Function]}
            onMouseDown={[Function]}
            onMouseLeave={[Function]}
            onMouseUp={[Function]}
            onTouchEnd={[Function]}
            onTouchMove={[Function]}
            onTouchStart={[Function]}
            tabIndex={0}
            type="button"
          >
            <span
              className="MuiIconButton-label-43"
            />
            <span
              className="MuiTouchRipple-root-46"
            />
          </button>
        </div>
      </header>
    </nav>
  </header>
  <main
    className="glamor-20 e1ovaqso1"
  >
    <aside
      className="glamor-18 e1ovaqso5"
    >
      <div
        className="MuiDrawer-docked-88"
      >
        <div
          className="MuiPaper-root-9 MuiPaper-shadow0-11 MuiDrawer-paper-89 glamor-17 MuiDrawer-paperAnchorLeft-90 MuiDrawer-paperAnchorDockedLeft-94"
        >
          <div
            className="glamor-16 egdat1"
          >
            <ul
              className="MuiList-root-99 MuiList-padding-100 glamor-11 egdat3"
            />
            <div
              className="egdat2 glamor-15 ekjxbjj0"
            >
              <p
                className="glamor-12 ekjxbjj1"
              >
                Version Info
              </p>
              <p
                className="glamor-12 ekjxbjj1"
              >
                Flexget: 
                 
              </p>
              <p
                className="glamor-12 ekjxbjj1"
              >
                API: 
              </p>
            </div>
          </div>
        </div>
      </div>
    </aside>
    <section
      className="glamor-19 e1ovaqso6"
      open={false}
    >
      <div />
    </section>
  </main>
</div>
`;
