// Jest Snapshot v1, https://goo.gl/fbAQLP

exports[`plugins/series/components/Series should return the right stuff 1`] = `
Object {
  "shows": Array [],
}
`;
