// Jest Snapshot v1, https://goo.gl/fbAQLP

exports[`components/StatusBar renders correctly 1`] = `null`;
